
> angular-portofolio@0.0.0 test
> ng test --code-coverage --no-watch --browsers=ChromeHeadless

- Generating browser application bundles (phase: setup)...
✔ Browser application bundle generation complete.
05 10 2025 23:09:43.310:INFO [karma-server]: Karma v6.4.4 server started at http://localhost:9877/
05 10 2025 23:09:43.316:INFO [launcher]: Launching browsers ChromeHeadless with concurrency unlimited
05 10 2025 23:09:43.339:INFO [launcher]: Starting browser ChromeHeadless
05 10 2025 23:09:45.590:INFO [Chrome Headless 140.0.0.0 (Windows 10)]: Connected on socket 17Hb1gQLoZRGqm23AAAB with id 71110859
Chrome Headless 140.0.0.0 (Windows 10): Executed 0 of 254[32m SUCCESS[39m (0 secs / 0 secs)
[1A[2KChrome Headless 140.0.0.0 (Windows 10): Executed 1 of 254[32m SUCCESS[39m (0 secs / 0.216 secs)
[1A[2KChrome Headless 140.0.0.0 (Windows 10): Executed 2 of 254[32m SUCCESS[39m (0 secs / 0.233 secs)
[1A[2KChrome Headless 140.0.0.0 (Windows 10): Executed 3 of 254[32m SUCCESS[39m (0 secs / 0.248 secs)
[1A[2KChrome Headless 140.0.0.0 (Windows 10): Executed 4 of 254[32m SUCCESS[39m (0 secs / 0.261 secs)
[1A[2KChrome Headless 140.0.0.0 (Windows 10): Executed 5 of 254[32m SUCCESS[39m (0 secs / 0.273 secs)
[1A[2KChrome Headless 140.0.0.0 (Windows 10): Executed 6 of 254[32m SUCCESS[39m (0 secs / 0.285 secs)
[1A[2KChrome Headless 140.0.0.0 (Windows 10): Executed 7 of 254[32m SUCCESS[39m (0 secs / 0.302 secs)
[1A[2KChrome Headless 140.0.0.0 (Windows 10): Executed 8 of 254[32m SUCCESS[39m (0 secs / 0.321 secs)
[1A[2KChrome Headless 140.0.0.0 (Windows 10): Executed 9 of 254[32m SUCCESS[39m (0 secs / 0.335 secs)
[1A[2KChrome Headless 140.0.0.0 (Windows 10): Executed 10 of 254[32m SUCCESS[39m (0 secs / 0.347 secs)
[1A[2KChrome Headless 140.0.0.0 (Windows 10): Executed 11 of 254[32m SUCCESS[39m (0 secs / 0.388 secs)
[1A[2KChrome Headless 140.0.0.0 (Windows 10): Executed 12 of 254[32m SUCCESS[39m (0 secs / 0.397 secs)
[1A[2KChrome Headless 140.0.0.0 (Windows 10): Executed 13 of 254[32m SUCCESS[39m (0 secs / 0.408 secs)
[1A[2KChrome Headless 140.0.0.0 (Windows 10): Executed 14 of 254[32m SUCCESS[39m (0 secs / 0.417 secs)
[1A[2KChrome Headless 140.0.0.0 (Windows 10): Executed 15 of 254[32m SUCCESS[39m (0 secs / 0.427 secs)
[1A[2KChrome Headless 140.0.0.0 (Windows 10): Executed 16 of 254[32m SUCCESS[39m (0 secs / 0.439 secs)
[1A[2KChrome Headless 140.0.0.0 (Windows 10): Executed 17 of 254[32m SUCCESS[39m (0 secs / 0.447 secs)
[1A[2KChrome Headless 140.0.0.0 (Windows 10): Executed 18 of 254[32m SUCCESS[39m (0 secs / 0.453 secs)
[1A[2KChrome Headless 140.0.0.0 (Windows 10): Executed 19 of 254[32m SUCCESS[39m (0 secs / 0.461 secs)
[1A[2KChrome Headless 140.0.0.0 (Windows 10): Executed 20 of 254[32m SUCCESS[39m (0 secs / 0.469 secs)
[1A[2KChrome Headless 140.0.0.0 (Windows 10): Executed 21 of 254[32m SUCCESS[39m (0 secs / 0.475 secs)
[1A[2KChrome Headless 140.0.0.0 (Windows 10): Executed 22 of 254[32m SUCCESS[39m (0 secs / 0.485 secs)
[1A[2KChrome Headless 140.0.0.0 (Windows 10): Executed 23 of 254[32m SUCCESS[39m (0 secs / 0.498 secs)
[1A[2KChrome Headless 140.0.0.0 (Windows 10): Executed 24 of 254[32m SUCCESS[39m (0 secs / 0.506 secs)
[1A[2KChrome Headless 140.0.0.0 (Windows 10): Executed 25 of 254[32m SUCCESS[39m (0 secs / 0.515 secs)
[1A[2KChrome Headless 140.0.0.0 (Windows 10): Executed 26 of 254[32m SUCCESS[39m (0 secs / 0.523 secs)
[1A[2KChrome Headless 140.0.0.0 (Windows 10): Executed 27 of 254[32m SUCCESS[39m (0 secs / 0.533 secs)
[1A[2KChrome Headless 140.0.0.0 (Windows 10): Executed 28 of 254[32m SUCCESS[39m (0 secs / 0.797 secs)
[1A[2KChrome Headless 140.0.0.0 (Windows 10): Executed 29 of 254[32m SUCCESS[39m (0 secs / 0.811 secs)
[1A[2KChrome Headless 140.0.0.0 (Windows 10): Executed 30 of 254[32m SUCCESS[39m (0 secs / 0.824 secs)
[1A[2KChrome Headless 140.0.0.0 (Windows 10): Executed 31 of 254[32m SUCCESS[39m (0 secs / 0.834 secs)
[1A[2KChrome Headless 140.0.0.0 (Windows 10): Executed 32 of 254[32m SUCCESS[39m (0 secs / 0.846 secs)
[1A[2KChrome Headless 140.0.0.0 (Windows 10): Executed 33 of 254[32m SUCCESS[39m (0 secs / 0.86 secs)
[1A[2KChrome Headless 140.0.0.0 (Windows 10): Executed 34 of 254[32m SUCCESS[39m (0 secs / 0.874 secs)
[1A[2KChrome Headless 140.0.0.0 (Windows 10): Executed 35 of 254[32m SUCCESS[39m (0 secs / 0.891 secs)
[1A[2KChrome Headless 140.0.0.0 (Windows 10): Executed 36 of 254[32m SUCCESS[39m (0 secs / 0.899 secs)
[1A[2KChrome Headless 140.0.0.0 (Windows 10): Executed 37 of 254[32m SUCCESS[39m (0 secs / 0.905 secs)
[1A[2KChrome Headless 140.0.0.0 (Windows 10): Executed 38 of 254[32m SUCCESS[39m (0 secs / 0.915 secs)
[1A[2KChrome Headless 140.0.0.0 (Windows 10): Executed 39 of 254[32m SUCCESS[39m (0 secs / 0.922 secs)
[1A[2KChrome Headless 140.0.0.0 (Windows 10): Executed 40 of 254[32m SUCCESS[39m (0 secs / 0.928 secs)
[1A[2KChrome Headless 140.0.0.0 (Windows 10): Executed 41 of 254[32m SUCCESS[39m (0 secs / 0.934 secs)
[1A[2KChrome Headless 140.0.0.0 (Windows 10): Executed 42 of 254[32m SUCCESS[39m (0 secs / 0.943 secs)
[1A[2KChrome Headless 140.0.0.0 (Windows 10): Executed 43 of 254[32m SUCCESS[39m (0 secs / 0.95 secs)
[1A[2KChrome Headless 140.0.0.0 (Windows 10): Executed 44 of 254[32m SUCCESS[39m (0 secs / 0.956 secs)
[1A[2KChrome Headless 140.0.0.0 (Windows 10): Executed 45 of 254[32m SUCCESS[39m (0 secs / 0.962 secs)
[1A[2KChrome Headless 140.0.0.0 (Windows 10): Executed 46 of 254[32m SUCCESS[39m (0 secs / 0.97 secs)
[1A[2KChrome Headless 140.0.0.0 (Windows 10): Executed 47 of 254[32m SUCCESS[39m (0 secs / 0.978 secs)
[1A[2KChrome Headless 140.0.0.0 (Windows 10): Executed 48 of 254[32m SUCCESS[39m (0 secs / 0.984 secs)
[1A[2KChrome Headless 140.0.0.0 (Windows 10): Executed 49 of 254[32m SUCCESS[39m (0 secs / 0.989 secs)
[1A[2KChrome Headless 140.0.0.0 (Windows 10): Executed 50 of 254[32m SUCCESS[39m (0 secs / 0.995 secs)
[1A[2KChrome Headless 140.0.0.0 (Windows 10): Executed 51 of 254[32m SUCCESS[39m (0 secs / 1.001 secs)
[1A[2KChrome Headless 140.0.0.0 (Windows 10): Executed 52 of 254[32m SUCCESS[39m (0 secs / 1.012 secs)
[1A[2KChrome Headless 140.0.0.0 (Windows 10): Executed 53 of 254[32m SUCCESS[39m (0 secs / 1.022 secs)
[1A[2KChrome Headless 140.0.0.0 (Windows 10): Executed 54 of 254[32m SUCCESS[39m (0 secs / 1.03 secs)
[1A[2KChrome Headless 140.0.0.0 (Windows 10): Executed 55 of 254[32m SUCCESS[39m (0 secs / 1.036 secs)
[1A[2KChrome Headless 140.0.0.0 (Windows 10): Executed 56 of 254[32m SUCCESS[39m (0 secs / 1.042 secs)
[1A[2KChrome Headless 140.0.0.0 (Windows 10): Executed 57 of 254[32m SUCCESS[39m (0 secs / 1.048 secs)
[1A[2KChrome Headless 140.0.0.0 (Windows 10): Executed 58 of 254[32m SUCCESS[39m (0 secs / 1.052 secs)
[1A[2KChrome Headless 140.0.0.0 (Windows 10): Executed 59 of 254[32m SUCCESS[39m (0 secs / 1.06 secs)
[1A[2KChrome Headless 140.0.0.0 (Windows 10): Executed 60 of 254[32m SUCCESS[39m (0 secs / 1.065 secs)
[1A[2KChrome Headless 140.0.0.0 (Windows 10): Executed 61 of 254[32m SUCCESS[39m (0 secs / 1.072 secs)
[1A[2KChrome Headless 140.0.0.0 (Windows 10): Executed 62 of 254[32m SUCCESS[39m (0 secs / 1.076 secs)
[1A[2KChrome Headless 140.0.0.0 (Windows 10): Executed 63 of 254[32m SUCCESS[39m (0 secs / 1.084 secs)
[1A[2KChrome Headless 140.0.0.0 (Windows 10): Executed 64 of 254[32m SUCCESS[39m (0 secs / 1.089 secs)
[1A[2KChrome Headless 140.0.0.0 (Windows 10): Executed 65 of 254[32m SUCCESS[39m (0 secs / 1.097 secs)
[1A[2KChrome Headless 140.0.0.0 (Windows 10): Executed 66 of 254[32m SUCCESS[39m (0 secs / 1.102 secs)
[1A[2KChrome Headless 140.0.0.0 (Windows 10): Executed 67 of 254[32m SUCCESS[39m (0 secs / 1.107 secs)
[1A[2KChrome Headless 140.0.0.0 (Windows 10): Executed 68 of 254[32m SUCCESS[39m (0 secs / 1.114 secs)
[1A[2KChrome Headless 140.0.0.0 (Windows 10): Executed 69 of 254[32m SUCCESS[39m (0 secs / 1.119 secs)
[1A[2KChrome Headless 140.0.0.0 (Windows 10): Executed 70 of 254[32m SUCCESS[39m (0 secs / 1.124 secs)
[1A[2KChrome Headless 140.0.0.0 (Windows 10): Executed 71 of 254[32m SUCCESS[39m (0 secs / 1.129 secs)
[1A[2KChrome Headless 140.0.0.0 (Windows 10): Executed 72 of 254[32m SUCCESS[39m (0 secs / 1.136 secs)
[1A[2KChrome Headless 140.0.0.0 (Windows 10): Executed 73 of 254[32m SUCCESS[39m (0 secs / 1.142 secs)
[1A[2KChrome Headless 140.0.0.0 (Windows 10): Executed 74 of 254[32m SUCCESS[39m (0 secs / 1.147 secs)
[1A[2KChrome Headless 140.0.0.0 (Windows 10): Executed 75 of 254[32m SUCCESS[39m (0 secs / 1.161 secs)
[1A[2KChrome Headless 140.0.0.0 (Windows 10): Executed 76 of 254[32m SUCCESS[39m (0 secs / 1.168 secs)
[1A[2KChrome Headless 140.0.0.0 (Windows 10): Executed 77 of 254[32m SUCCESS[39m (0 secs / 1.174 secs)
[1A[2KChrome Headless 140.0.0.0 (Windows 10): Executed 78 of 254[32m SUCCESS[39m (0 secs / 1.18 secs)
[1A[2KChrome Headless 140.0.0.0 (Windows 10): Executed 79 of 254[32m SUCCESS[39m (0 secs / 1.187 secs)
[1A[2KChrome Headless 140.0.0.0 (Windows 10): Executed 80 of 254[32m SUCCESS[39m (0 secs / 1.197 secs)
[1A[2KChrome Headless 140.0.0.0 (Windows 10): Executed 81 of 254[32m SUCCESS[39m (0 secs / 1.201 secs)
[1A[2KChrome Headless 140.0.0.0 (Windows 10): Executed 82 of 254[32m SUCCESS[39m (0 secs / 1.216 secs)
[1A[2KChrome Headless 140.0.0.0 (Windows 10): Executed 83 of 254[32m SUCCESS[39m (0 secs / 1.222 secs)
[1A[2KChrome Headless 140.0.0.0 (Windows 10): Executed 84 of 254[32m SUCCESS[39m (0 secs / 1.228 secs)
[1A[2KChrome Headless 140.0.0.0 (Windows 10): Executed 85 of 254[32m SUCCESS[39m (0 secs / 1.233 secs)
[1A[2KChrome Headless 140.0.0.0 (Windows 10): Executed 86 of 254[32m SUCCESS[39m (0 secs / 1.24 secs)
[1A[2KChrome Headless 140.0.0.0 (Windows 10): Executed 87 of 254[32m SUCCESS[39m (0 secs / 1.245 secs)
[1A[2KChrome Headless 140.0.0.0 (Windows 10): Executed 88 of 254[32m SUCCESS[39m (0 secs / 1.252 secs)
[1A[2KChrome Headless 140.0.0.0 (Windows 10): Executed 89 of 254[32m SUCCESS[39m (0 secs / 1.26 secs)
[1A[2KChrome Headless 140.0.0.0 (Windows 10): Executed 90 of 254[32m SUCCESS[39m (0 secs / 1.266 secs)
[1A[2KChrome Headless 140.0.0.0 (Windows 10): Executed 91 of 254[32m SUCCESS[39m (0 secs / 1.268 secs)
[1A[2KChrome Headless 140.0.0.0 (Windows 10): Executed 92 of 254[32m SUCCESS[39m (0 secs / 1.271 secs)
[1A[2KChrome Headless 140.0.0.0 (Windows 10): Executed 93 of 254[32m SUCCESS[39m (0 secs / 1.273 secs)
[1A[2KChrome Headless 140.0.0.0 (Windows 10): Executed 94 of 254[32m SUCCESS[39m (0 secs / 1.276 secs)
[1A[2KChrome Headless 140.0.0.0 (Windows 10): Executed 95 of 254[32m SUCCESS[39m (0 secs / 1.278 secs)
[1A[2KChrome Headless 140.0.0.0 (Windows 10): Executed 96 of 254[32m SUCCESS[39m (0 secs / 1.279 secs)
[1A[2KChrome Headless 140.0.0.0 (Windows 10): Executed 97 of 254[32m SUCCESS[39m (0 secs / 1.28 secs)
[1A[2KChrome Headless 140.0.0.0 (Windows 10): Executed 98 of 254[32m SUCCESS[39m (0 secs / 1.282 secs)
[1A[2KChrome Headless 140.0.0.0 (Windows 10): Executed 99 of 254[32m SUCCESS[39m (0 secs / 1.284 secs)
[1A[2KChrome Headless 140.0.0.0 (Windows 10): Executed 100 of 254[32m SUCCESS[39m (0 secs / 1.286 secs)
[1A[2KChrome Headless 140.0.0.0 (Windows 10): Executed 101 of 254[32m SUCCESS[39m (0 secs / 1.288 secs)
[1A[2KChrome Headless 140.0.0.0 (Windows 10): Executed 102 of 254[32m SUCCESS[39m (0 secs / 1.289 secs)
[1A[2KChrome Headless 140.0.0.0 (Windows 10): Executed 103 of 254[32m SUCCESS[39m (0 secs / 1.29 secs)
[1A[2KChrome Headless 140.0.0.0 (Windows 10): Executed 104 of 254[32m SUCCESS[39m (0 secs / 1.294 secs)
[1A[2KChrome Headless 140.0.0.0 (Windows 10): Executed 105 of 254[32m SUCCESS[39m (0 secs / 1.297 secs)
[1A[2KChrome Headless 140.0.0.0 (Windows 10): Executed 106 of 254[32m SUCCESS[39m (0 secs / 1.299 secs)
[1A[2KChrome Headless 140.0.0.0 (Windows 10): Executed 107 of 254[32m SUCCESS[39m (0 secs / 1.3 secs)
[1A[2KChrome Headless 140.0.0.0 (Windows 10): Executed 108 of 254[32m SUCCESS[39m (0 secs / 1.301 secs)
[1A[2KChrome Headless 140.0.0.0 (Windows 10): Executed 109 of 254[32m SUCCESS[39m (0 secs / 1.302 secs)
[1A[2KChrome Headless 140.0.0.0 (Windows 10): Executed 110 of 254[32m SUCCESS[39m (0 secs / 1.304 secs)
[1A[2KChrome Headless 140.0.0.0 (Windows 10): Executed 111 of 254[32m SUCCESS[39m (0 secs / 1.305 secs)
[1A[2KChrome Headless 140.0.0.0 (Windows 10): Executed 112 of 254[32m SUCCESS[39m (0 secs / 1.306 secs)
[1A[2KChrome Headless 140.0.0.0 (Windows 10): Executed 113 of 254[32m SUCCESS[39m (0 secs / 1.323 secs)
[1A[2KChrome Headless 140.0.0.0 (Windows 10): Executed 114 of 254[32m SUCCESS[39m (0 secs / 1.331 secs)
[1A[2KChrome Headless 140.0.0.0 (Windows 10): Executed 115 of 254[32m SUCCESS[39m (0 secs / 1.339 secs)
[1A[2KChrome Headless 140.0.0.0 (Windows 10): Executed 116 of 254[32m SUCCESS[39m (0 secs / 1.346 secs)
[1A[2KChrome Headless 140.0.0.0 (Windows 10): Executed 117 of 254[32m SUCCESS[39m (0 secs / 1.354 secs)
[1A[2KChrome Headless 140.0.0.0 (Windows 10): Executed 118 of 254[32m SUCCESS[39m (0 secs / 1.365 secs)
[1A[2KChrome Headless 140.0.0.0 (Windows 10): Executed 119 of 254[32m SUCCESS[39m (0 secs / 1.372 secs)
[1A[2KChrome Headless 140.0.0.0 (Windows 10): Executed 120 of 254[32m SUCCESS[39m (0 secs / 1.38 secs)
[1A[2KChrome Headless 140.0.0.0 (Windows 10): Executed 121 of 254[32m SUCCESS[39m (0 secs / 1.388 secs)
[1A[2KChrome Headless 140.0.0.0 (Windows 10): Executed 122 of 254[32m SUCCESS[39m (0 secs / 1.396 secs)
[1A[2KChrome Headless 140.0.0.0 (Windows 10): Executed 123 of 254[32m SUCCESS[39m (0 secs / 1.405 secs)
[1A[2KChrome Headless 140.0.0.0 (Windows 10): Executed 124 of 254[32m SUCCESS[39m (0 secs / 1.41 secs)
[1A[2KChrome Headless 140.0.0.0 (Windows 10): Executed 125 of 254[32m SUCCESS[39m (0 secs / 1.419 secs)
[1A[2KChrome Headless 140.0.0.0 (Windows 10): Executed 126 of 254[32m SUCCESS[39m (0 secs / 1.424 secs)
[1A[2KChrome Headless 140.0.0.0 (Windows 10): Executed 127 of 254[32m SUCCESS[39m (0 secs / 1.433 secs)
[1A[2KChrome Headless 140.0.0.0 (Windows 10): Executed 128 of 254[32m SUCCESS[39m (0 secs / 1.439 secs)
[1A[2KChrome Headless 140.0.0.0 (Windows 10): Executed 129 of 254[32m SUCCESS[39m (0 secs / 1.447 secs)
[1A[2KChrome Headless 140.0.0.0 (Windows 10): Executed 130 of 254[32m SUCCESS[39m (0 secs / 1.452 secs)
[1A[2KChrome Headless 140.0.0.0 (Windows 10): Executed 131 of 254[32m SUCCESS[39m (0 secs / 1.46 secs)
[1A[2KChrome Headless 140.0.0.0 (Windows 10): Executed 132 of 254[32m SUCCESS[39m (0 secs / 1.465 secs)
[1A[2KChrome Headless 140.0.0.0 (Windows 10): Executed 133 of 254[32m SUCCESS[39m (0 secs / 1.471 secs)
[1A[2KChrome Headless 140.0.0.0 (Windows 10): Executed 134 of 254[32m SUCCESS[39m (0 secs / 1.477 secs)
[1A[2KChrome Headless 140.0.0.0 (Windows 10): Executed 135 of 254[32m SUCCESS[39m (0 secs / 1.482 secs)
[1A[2KChrome Headless 140.0.0.0 (Windows 10): Executed 136 of 254[32m SUCCESS[39m (0 secs / 1.489 secs)
[1A[2KChrome Headless 140.0.0.0 (Windows 10): Executed 137 of 254[32m SUCCESS[39m (0 secs / 1.495 secs)
[1A[2KChrome Headless 140.0.0.0 (Windows 10): Executed 138 of 254[32m SUCCESS[39m (0 secs / 1.502 secs)
[1A[2KChrome Headless 140.0.0.0 (Windows 10): Executed 139 of 254[32m SUCCESS[39m (0 secs / 1.508 secs)
[1A[2KChrome Headless 140.0.0.0 (Windows 10): Executed 140 of 254[32m SUCCESS[39m (0 secs / 1.516 secs)
[1A[2KChrome Headless 140.0.0.0 (Windows 10): Executed 141 of 254[32m SUCCESS[39m (0 secs / 1.526 secs)
[1A[2KChrome Headless 140.0.0.0 (Windows 10): Executed 142 of 254[32m SUCCESS[39m (0 secs / 1.532 secs)
[1A[2KChrome Headless 140.0.0.0 (Windows 10): Executed 143 of 254[32m SUCCESS[39m (0 secs / 1.541 secs)
[1A[2KChrome Headless 140.0.0.0 (Windows 10): Executed 144 of 254[32m SUCCESS[39m (0 secs / 1.548 secs)
[1A[2KChrome Headless 140.0.0.0 (Windows 10): Executed 145 of 254[32m SUCCESS[39m (0 secs / 1.557 secs)
[1A[2KChrome Headless 140.0.0.0 (Windows 10): Executed 146 of 254[32m SUCCESS[39m (0 secs / 1.562 secs)
[1A[2KChrome Headless 140.0.0.0 (Windows 10): Executed 147 of 254[32m SUCCESS[39m (0 secs / 1.569 secs)
[1A[2KChrome Headless 140.0.0.0 (Windows 10): Executed 148 of 254[32m SUCCESS[39m (0 secs / 1.574 secs)
[1A[2KChrome Headless 140.0.0.0 (Windows 10): Executed 149 of 254[32m SUCCESS[39m (0 secs / 1.58 secs)
[1A[2KChrome Headless 140.0.0.0 (Windows 10): Executed 150 of 254[32m SUCCESS[39m (0 secs / 1.587 secs)
[1A[2KChrome Headless 140.0.0.0 (Windows 10): Executed 151 of 254[32m SUCCESS[39m (0 secs / 1.649 secs)
[1A[2KChrome Headless 140.0.0.0 (Windows 10): Executed 152 of 254[32m SUCCESS[39m (0 secs / 1.671 secs)
[1A[2KChrome Headless 140.0.0.0 (Windows 10): Executed 153 of 254[32m SUCCESS[39m (0 secs / 1.69 secs)
[1A[2KChrome Headless 140.0.0.0 (Windows 10): Executed 154 of 254[32m SUCCESS[39m (0 secs / 1.707 secs)
[1A[2KChrome Headless 140.0.0.0 (Windows 10): Executed 155 of 254[32m SUCCESS[39m (0 secs / 1.726 secs)
[1A[2KChrome Headless 140.0.0.0 (Windows 10): Executed 156 of 254[32m SUCCESS[39m (0 secs / 1.739 secs)
[1A[2KChrome Headless 140.0.0.0 (Windows 10): Executed 157 of 254[32m SUCCESS[39m (0 secs / 1.75 secs)
[1A[2KChrome Headless 140.0.0.0 (Windows 10): Executed 158 of 254[32m SUCCESS[39m (0 secs / 1.759 secs)
[1A[2KChrome Headless 140.0.0.0 (Windows 10): Executed 159 of 254[32m SUCCESS[39m (0 secs / 1.767 secs)
[1A[2KChrome Headless 140.0.0.0 (Windows 10): Executed 160 of 254[32m SUCCESS[39m (0 secs / 1.778 secs)
[1A[2KChrome Headless 140.0.0.0 (Windows 10): Executed 161 of 254[32m SUCCESS[39m (0 secs / 1.788 secs)
[1A[2KChrome Headless 140.0.0.0 (Windows 10): Executed 162 of 254[32m SUCCESS[39m (0 secs / 1.796 secs)
[1A[2KChrome Headless 140.0.0.0 (Windows 10): Executed 163 of 254[32m SUCCESS[39m (0 secs / 1.806 secs)
[1A[2KChrome Headless 140.0.0.0 (Windows 10): Executed 164 of 254[32m SUCCESS[39m (0 secs / 1.818 secs)
[1A[2KChrome Headless 140.0.0.0 (Windows 10): Executed 165 of 254[32m SUCCESS[39m (0 secs / 1.83 secs)
[1A[2KChrome Headless 140.0.0.0 (Windows 10): Executed 166 of 254[32m SUCCESS[39m (0 secs / 1.84 secs)
[1A[2KChrome Headless 140.0.0.0 (Windows 10): Executed 167 of 254[32m SUCCESS[39m (0 secs / 1.851 secs)
[1A[2KChrome Headless 140.0.0.0 (Windows 10): Executed 168 of 254[32m SUCCESS[39m (0 secs / 1.912 secs)
[1A[2KChrome Headless 140.0.0.0 (Windows 10): Executed 169 of 254[32m SUCCESS[39m (0 secs / 1.927 secs)
[1A[2KChrome Headless 140.0.0.0 (Windows 10): Executed 170 of 254[32m SUCCESS[39m (0 secs / 1.938 secs)
[1A[2KChrome Headless 140.0.0.0 (Windows 10): Executed 171 of 254[32m SUCCESS[39m (0 secs / 1.95 secs)
[1A[2KChrome Headless 140.0.0.0 (Windows 10): Executed 172 of 254[32m SUCCESS[39m (0 secs / 1.962 secs)
[1A[2KChrome Headless 140.0.0.0 (Windows 10): Executed 173 of 254[32m SUCCESS[39m (0 secs / 1.971 secs)
[1A[2KChrome Headless 140.0.0.0 (Windows 10): Executed 174 of 254[32m SUCCESS[39m (0 secs / 1.982 secs)
[1A[2KChrome Headless 140.0.0.0 (Windows 10): Executed 175 of 254[32m SUCCESS[39m (0 secs / 1.994 secs)
[1A[2KChrome Headless 140.0.0.0 (Windows 10): Executed 176 of 254[32m SUCCESS[39m (0 secs / 2.005 secs)
[1A[2KChrome Headless 140.0.0.0 (Windows 10): Executed 177 of 254[32m SUCCESS[39m (0 secs / 2.017 secs)
[1A[2KChrome Headless 140.0.0.0 (Windows 10): Executed 178 of 254[32m SUCCESS[39m (0 secs / 2.029 secs)
[1A[2KChrome Headless 140.0.0.0 (Windows 10): Executed 179 of 254[32m SUCCESS[39m (0 secs / 2.04 secs)
[1A[2KChrome Headless 140.0.0.0 (Windows 10): Executed 180 of 254[32m SUCCESS[39m (0 secs / 2.052 secs)
[1A[2KChrome Headless 140.0.0.0 (Windows 10): Executed 181 of 254[32m SUCCESS[39m (0 secs / 2.064 secs)
[1A[2KChrome Headless 140.0.0.0 (Windows 10): Executed 182 of 254[32m SUCCESS[39m (0 secs / 2.075 secs)
[1A[2KChrome Headless 140.0.0.0 (Windows 10): Executed 183 of 254[32m SUCCESS[39m (0 secs / 2.086 secs)
[1A[2KChrome Headless 140.0.0.0 (Windows 10): Executed 184 of 254[32m SUCCESS[39m (0 secs / 2.098 secs)
[1A[2KChrome Headless 140.0.0.0 (Windows 10): Executed 185 of 254[32m SUCCESS[39m (0 secs / 2.115 secs)
[1A[2KChrome Headless 140.0.0.0 (Windows 10): Executed 186 of 254[32m SUCCESS[39m (0 secs / 2.129 secs)
[1A[2KChrome Headless 140.0.0.0 (Windows 10): Executed 187 of 254[32m SUCCESS[39m (0 secs / 2.143 secs)
[1A[2KChrome Headless 140.0.0.0 (Windows 10): Executed 188 of 254[32m SUCCESS[39m (0 secs / 2.155 secs)
[1A[2KChrome Headless 140.0.0.0 (Windows 10): Executed 189 of 254[32m SUCCESS[39m (0 secs / 2.168 secs)
[1A[2KChrome Headless 140.0.0.0 (Windows 10): Executed 190 of 254[32m SUCCESS[39m (0 secs / 2.179 secs)
[1A[2KChrome Headless 140.0.0.0 (Windows 10): Executed 191 of 254[32m SUCCESS[39m (0 secs / 2.218 secs)
[1A[2KERROR: [36m'Contact form submission failed:', Object{type: 'Unknown', status: 500, message: undefined, timestamp: '2025-10-05T21:09:52.290Z'}[39m
Chrome Headless 140.0.0.0 (Windows 10): Executed 191 of 254[32m SUCCESS[39m (0 secs / 2.218 secs)
ERROR: 'Contact form submission failed:', Object{type: 'Unknown', status: 500, message: undefined, timestamp: '2025-10-05T21:09:52.290Z'}
[1A[2KChrome Headless 140.0.0.0 (Windows 10): Executed 192 of 254[32m SUCCESS[39m (0 secs / 2.269 secs)
[1A[2KChrome Headless 140.0.0.0 (Windows 10): Executed 193 of 254[32m SUCCESS[39m (0 secs / 2.287 secs)
[1A[2KChrome Headless 140.0.0.0 (Windows 10): Executed 194 of 254[32m SUCCESS[39m (0 secs / 2.32 secs)
[1A[2KChrome Headless 140.0.0.0 (Windows 10): Executed 195 of 254[32m SUCCESS[39m (0 secs / 2.333 secs)
[1A[2KChrome Headless 140.0.0.0 (Windows 10): Executed 196 of 254[32m SUCCESS[39m (0 secs / 2.345 secs)
[1A[2KChrome Headless 140.0.0.0 (Windows 10): Executed 197 of 254[32m SUCCESS[39m (0 secs / 2.358 secs)
[1A[2KChrome Headless 140.0.0.0 (Windows 10): Executed 198 of 254[32m SUCCESS[39m (0 secs / 2.371 secs)
[1A[2KChrome Headless 140.0.0.0 (Windows 10): Executed 199 of 254[32m SUCCESS[39m (0 secs / 2.382 secs)
[1A[2KERROR: [36m'Contact form submission failed:', Object{type: 'Unknown', status: 500, message: undefined, timestamp: '2025-10-05T21:09:52.456Z'}[39m
Chrome Headless 140.0.0.0 (Windows 10): Executed 199 of 254[32m SUCCESS[39m (0 secs / 2.382 secs)
ERROR: 'Contact form submission failed:', Object{type: 'Unknown', status: 500, message: undefined, timestamp: '2025-10-05T21:09:52.456Z'}
[1A[2KChrome Headless 140.0.0.0 (Windows 10): Executed 200 of 254[32m SUCCESS[39m (0 secs / 2.395 secs)
[1A[2KERROR: [36m'Contact form submission failed:', Object{type: 'Unknown', status: undefined, message: 'Custom error message', timestamp: '2025-10-05T21:09:52.480Z'}[39m
Chrome Headless 140.0.0.0 (Windows 10): Executed 200 of 254[32m SUCCESS[39m (0 secs / 2.395 secs)
ERROR: 'Contact form submission failed:', Object{type: 'Unknown', status: undefined, message: 'Custom error message', timestamp: '2025-10-05T21:09:52.480Z'}
[1A[2KChrome Headless 140.0.0.0 (Windows 10): Executed 201 of 254[32m SUCCESS[39m (0 secs / 2.413 secs)
[1A[2KERROR: [36m'Contact form submission failed:', Object{type: 'Unknown', status: undefined, message: undefined, timestamp: '2025-10-05T21:09:52.500Z'}[39m
Chrome Headless 140.0.0.0 (Windows 10): Executed 201 of 254[32m SUCCESS[39m (0 secs / 2.413 secs)
ERROR: 'Contact form submission failed:', Object{type: 'Unknown', status: undefined, message: undefined, timestamp: '2025-10-05T21:09:52.500Z'}
[1A[2KChrome Headless 140.0.0.0 (Windows 10): Executed 202 of 254[32m SUCCESS[39m (0 secs / 2.429 secs)
[1A[2KERROR: [36m'Contact form submission failed:', Object{type: 'TimeoutError', status: undefined, message: undefined, timestamp: '2025-10-05T21:09:52.522Z'}[39m
Chrome Headless 140.0.0.0 (Windows 10): Executed 202 of 254[32m SUCCESS[39m (0 secs / 2.429 secs)
ERROR: 'Contact form submission failed:', Object{type: 'TimeoutError', status: undefined, message: undefined, timestamp: '2025-10-05T21:09:52.522Z'}
[1A[2KChrome Headless 140.0.0.0 (Windows 10): Executed 203 of 254[32m SUCCESS[39m (0 secs / 2.447 secs)
[1A[2KERROR: [36m'Contact form submission failed:', Object{type: 'Unknown', status: 400, message: undefined, timestamp: '2025-10-05T21:09:52.539Z'}[39m
Chrome Headless 140.0.0.0 (Windows 10): Executed 203 of 254[32m SUCCESS[39m (0 secs / 2.447 secs)
ERROR: 'Contact form submission failed:', Object{type: 'Unknown', status: 400, message: undefined, timestamp: '2025-10-05T21:09:52.539Z'}
[1A[2KChrome Headless 140.0.0.0 (Windows 10): Executed 204 of 254[32m SUCCESS[39m (0 secs / 2.459 secs)
[1A[2KERROR: [36m'Contact form submission failed:', Object{type: 'HttpErrorResponse', status: 500, message: 'Http failure response for https://mihaela-melania-aghirculesei.de/sendMail.php: 500 Server Error', timestamp: '2025-10-05T21:09:52.553Z'}[39m
Chrome Headless 140.0.0.0 (Windows 10): Executed 204 of 254[32m SUCCESS[39m (0 secs / 2.459 secs)
ERROR: 'Contact form submission failed:', Object{type: 'HttpErrorResponse', status: 500, message: 'Http failure response for https://mihaela-melania-aghirculesei.de/sendMail.php: 500 Server Error', timestamp: '2025-10-05T21:09:52.553Z'}
[1A[2KChrome Headless 140.0.0.0 (Windows 10): Executed 205 of 254[32m SUCCESS[39m (0 secs / 2.484 secs)
[1A[2KERROR: [36m'Contact form submission failed:', Object{type: 'HttpErrorResponse', status: 500, message: 'Http failure response for https://mihaela-melania-aghirculesei.de/sendMail.php: 500 Server Error', timestamp: '2025-10-05T21:09:52.585Z'}[39m
Chrome Headless 140.0.0.0 (Windows 10): Executed 205 of 254[32m SUCCESS[39m (0 secs / 2.484 secs)
ERROR: 'Contact form submission failed:', Object{type: 'HttpErrorResponse', status: 500, message: 'Http failure response for https://mihaela-melania-aghirculesei.de/sendMail.php: 500 Server Error', timestamp: '2025-10-05T21:09:52.585Z'}
[1A[2KChrome Headless 140.0.0.0 (Windows 10): Executed 206 of 254[32m SUCCESS[39m (0 secs / 2.501 secs)
[1A[2KERROR: [36m'Contact form submission failed:', Object{type: 'NetworkError', status: 0, message: undefined, timestamp: '2025-10-05T21:09:52.605Z'}[39m
Chrome Headless 140.0.0.0 (Windows 10): Executed 206 of 254[32m SUCCESS[39m (0 secs / 2.501 secs)
ERROR: 'Contact form submission failed:', Object{type: 'NetworkError', status: 0, message: undefined, timestamp: '2025-10-05T21:09:52.605Z'}
[1A[2KChrome Headless 140.0.0.0 (Windows 10): Executed 207 of 254[32m SUCCESS[39m (0 secs / 2.512 secs)
[1A[2KChrome Headless 140.0.0.0 (Windows 10): Executed 208 of 254[32m SUCCESS[39m (0 secs / 2.525 secs)
[1A[2KChrome Headless 140.0.0.0 (Windows 10): Executed 209 of 254[32m SUCCESS[39m (0 secs / 2.536 secs)
[1A[2KChrome Headless 140.0.0.0 (Windows 10): Executed 210 of 254[32m SUCCESS[39m (0 secs / 2.55 secs)
[1A[2KChrome Headless 140.0.0.0 (Windows 10): Executed 211 of 254[32m SUCCESS[39m (0 secs / 2.564 secs)
[1A[2KChrome Headless 140.0.0.0 (Windows 10): Executed 212 of 254[32m SUCCESS[39m (0 secs / 2.578 secs)
[1A[2KChrome Headless 140.0.0.0 (Windows 10): Executed 213 of 254[32m SUCCESS[39m (0 secs / 2.595 secs)
[1A[2KChrome Headless 140.0.0.0 (Windows 10): Executed 214 of 254[32m SUCCESS[39m (0 secs / 2.61 secs)
[1A[2KChrome Headless 140.0.0.0 (Windows 10): Executed 215 of 254[32m SUCCESS[39m (0 secs / 2.62 secs)
[1A[2KChrome Headless 140.0.0.0 (Windows 10): Executed 216 of 254[32m SUCCESS[39m (0 secs / 2.634 secs)
[1A[2KChrome Headless 140.0.0.0 (Windows 10): Executed 217 of 254[32m SUCCESS[39m (0 secs / 2.644 secs)
[1A[2KChrome Headless 140.0.0.0 (Windows 10): Executed 218 of 254[32m SUCCESS[39m (0 secs / 2.655 secs)
[1A[2KChrome Headless 140.0.0.0 (Windows 10): Executed 219 of 254[32m SUCCESS[39m (0 secs / 2.667 secs)
[1A[2KChrome Headless 140.0.0.0 (Windows 10): Executed 220 of 254[32m SUCCESS[39m (0 secs / 2.679 secs)
[1A[2KChrome Headless 140.0.0.0 (Windows 10): Executed 221 of 254[32m SUCCESS[39m (0 secs / 2.69 secs)
[1A[2KChrome Headless 140.0.0.0 (Windows 10): Executed 222 of 254[32m SUCCESS[39m (0 secs / 2.702 secs)
[1A[2KChrome Headless 140.0.0.0 (Windows 10): Executed 223 of 254[32m SUCCESS[39m (0 secs / 2.712 secs)
[1A[2KChrome Headless 140.0.0.0 (Windows 10): Executed 224 of 254[32m SUCCESS[39m (0 secs / 2.727 secs)
[1A[2KChrome Headless 140.0.0.0 (Windows 10): Executed 225 of 254[32m SUCCESS[39m (0 secs / 2.739 secs)
[1A[2KChrome Headless 140.0.0.0 (Windows 10): Executed 226 of 254[32m SUCCESS[39m (0 secs / 2.751 secs)
[1A[2KChrome Headless 140.0.0.0 (Windows 10): Executed 227 of 254[32m SUCCESS[39m (0 secs / 2.763 secs)
[1A[2KChrome Headless 140.0.0.0 (Windows 10): Executed 228 of 254[32m SUCCESS[39m (0 secs / 2.777 secs)
[1A[2KChrome Headless 140.0.0.0 (Windows 10): Executed 229 of 254[32m SUCCESS[39m (0 secs / 2.791 secs)
[1A[2KChrome Headless 140.0.0.0 (Windows 10): Executed 230 of 254[32m SUCCESS[39m (0 secs / 2.801 secs)
[1A[2KChrome Headless 140.0.0.0 (Windows 10): Executed 231 of 254[32m SUCCESS[39m (0 secs / 2.812 secs)
[1A[2KChrome Headless 140.0.0.0 (Windows 10): Executed 232 of 254[32m SUCCESS[39m (0 secs / 2.826 secs)
[1A[2KChrome Headless 140.0.0.0 (Windows 10): Executed 233 of 254[32m SUCCESS[39m (0 secs / 2.848 secs)
[1A[2KChrome Headless 140.0.0.0 (Windows 10): Executed 234 of 254[32m SUCCESS[39m (0 secs / 2.866 secs)
[1A[2KChrome Headless 140.0.0.0 (Windows 10): Executed 235 of 254[32m SUCCESS[39m (0 secs / 2.881 secs)
[1A[2KChrome Headless 140.0.0.0 (Windows 10): Executed 236 of 254[32m SUCCESS[39m (0 secs / 2.897 secs)
[1A[2KChrome Headless 140.0.0.0 (Windows 10): Executed 237 of 254[32m SUCCESS[39m (0 secs / 2.911 secs)
[1A[2KChrome Headless 140.0.0.0 (Windows 10): Executed 238 of 254[32m SUCCESS[39m (0 secs / 2.923 secs)
[1A[2KChrome Headless 140.0.0.0 (Windows 10): Executed 239 of 254[32m SUCCESS[39m (0 secs / 2.935 secs)
[1A[2KChrome Headless 140.0.0.0 (Windows 10): Executed 240 of 254[32m SUCCESS[39m (0 secs / 2.95 secs)
[1A[2KChrome Headless 140.0.0.0 (Windows 10): Executed 241 of 254[32m SUCCESS[39m (0 secs / 2.964 secs)
[1A[2KChrome Headless 140.0.0.0 (Windows 10): Executed 242 of 254[32m SUCCESS[39m (0 secs / 2.979 secs)
[1A[2KChrome Headless 140.0.0.0 (Windows 10): Executed 243 of 254[32m SUCCESS[39m (0 secs / 2.99 secs)
[1A[2KChrome Headless 140.0.0.0 (Windows 10): Executed 244 of 254[32m SUCCESS[39m (0 secs / 3.003 secs)
[1A[2KChrome Headless 140.0.0.0 (Windows 10): Executed 245 of 254[32m SUCCESS[39m (0 secs / 3.019 secs)
[1A[2KChrome Headless 140.0.0.0 (Windows 10): Executed 246 of 254[32m SUCCESS[39m (0 secs / 3.027 secs)
[1A[2KChrome Headless 140.0.0.0 (Windows 10): Executed 247 of 254[32m SUCCESS[39m (0 secs / 3.031 secs)
[1A[2KChrome Headless 140.0.0.0 (Windows 10): Executed 248 of 254[32m SUCCESS[39m (0 secs / 3.034 secs)
[1A[2KChrome Headless 140.0.0.0 (Windows 10): Executed 249 of 254[32m SUCCESS[39m (0 secs / 3.037 secs)
[1A[2KChrome Headless 140.0.0.0 (Windows 10): Executed 250 of 254[32m SUCCESS[39m (0 secs / 3.039 secs)
[1A[2KChrome Headless 140.0.0.0 (Windows 10): Executed 251 of 254[32m SUCCESS[39m (0 secs / 3.043 secs)
[1A[2KChrome Headless 140.0.0.0 (Windows 10): Executed 252 of 254[32m SUCCESS[39m (0 secs / 3.046 secs)
[1A[2KChrome Headless 140.0.0.0 (Windows 10): Executed 253 of 254[32m SUCCESS[39m (0 secs / 3.049 secs)
[1A[2KChrome Headless 140.0.0.0 (Windows 10): Executed 254 of 254[32m SUCCESS[39m (0 secs / 3.106 secs)
[1A[2KChrome Headless 140.0.0.0 (Windows 10): Executed 254 of 254[32m SUCCESS[39m (3.922 secs / 3.106 secs)
[32mTOTAL: 254 SUCCESS[39m
✔ Browser application bundle generation complete.

=============================== Coverage summary ===============================
Statements   : 84.08% ( 539/641 )
Branches     : 76.92% ( 160/208 )
Functions    : 84.21% ( 144/171 )
Lines        : 84.94% ( 519/611 )
================================================================================
✔ Browser application bundle generation complete.
